// Jest Snapshot v1, https://goo.gl/fbAQLP

exports[`FarmRegister should render FarmRegister with text FarmRegister 1`] = `
<div
  style="isolation: isolate;"
>
  <h1>
    FarmRegister
  </h1>
</div>
`;
