// Jest Snapshot v1, https://goo.gl/fbAQLP

exports[`LinkedAccountsList should render LinkedAccountsList 1`] = `
<div
  style="isolation: isolate;"
>
  <div
    class="sc-dc1b69e8-0 bmwvjx"
  >
    <div
      data-component-name="Title3"
    >
      <h3
        class="splu5g7 splu5g5"
        data-component-name="Text"
        style="--splu5g0: 1.250rem; --splu5g2: 1.500rem; --splu5g1: 1.750rem; --splu5g3: 2.000rem; hyphens: auto; font-weight: 300; text-transform: inherit; text-decoration: inherit; overflow-wrap: anywhere; white-space: pre-line;"
      >
        <b>
          Contas vinculadas
        </b>
      </h3>
    </div>
    <table
      class="sc-73d4add1-0 cMwyLF"
    >
      <thead>
        <tr
          class="sc-73d4add1-1 gsFmqs"
        >
          <th
            class="sc-73d4add1-2 gkAQVs"
          >
            Id
          </th>
          <th
            class="sc-73d4add1-2 gkAQVs"
          >
            Foto
          </th>
          <th
            class="sc-73d4add1-2 gkAQVs"
          >
            Nome
          </th>
          <th
            class="sc-73d4add1-2 gkAQVs"
          >
            E-mail
          </th>
          <th
            class="sc-73d4add1-2 gkAQVs"
          >
            N° de registros
          </th>
          <th
            class="sc-73d4add1-2 gkAQVs"
          >
            Data de ingresso
          </th>
          <th
            class="sc-73d4add1-2 gkAQVs"
          >
            Ação
          </th>
        </tr>
      </thead>
      <tbody>
        <tr
          class="sc-73d4add1-1 gsFmqs"
        >
          <td
            class="sc-73d4add1-3 gOsREM"
          >
            01
          </td>
          <td
            class="sc-73d4add1-3 gOsREM"
          >
            link_da_foto_1
          </td>
          <td
            class="sc-73d4add1-3 gOsREM"
          >
            Claudio Buarque
          </td>
          <td
            class="sc-73d4add1-3 gOsREM"
          >
            claudio.buarque@gmail.com
          </td>
          <td
            class="sc-73d4add1-3 gOsREM"
          >
            02
          </td>
          <td
            class="sc-73d4add1-3 gOsREM"
          >
            10/01/2024
          </td>
          <td
            class="sc-73d4add1-3 gOsREM"
          >
            Ação 1
          </td>
        </tr>
        <tr
          class="sc-73d4add1-1 gsFmqs"
        >
          <td
            class="sc-73d4add1-3 gOsREM"
          >
            02
          </td>
          <td
            class="sc-73d4add1-3 gOsREM"
          >
            link_da_foto_2
          </td>
          <td
            class="sc-73d4add1-3 gOsREM"
          >
            Fabrício Neves
          </td>
          <td
            class="sc-73d4add1-3 gOsREM"
          >
            fabricio.neves@gmail.com
          </td>
          <td
            class="sc-73d4add1-3 gOsREM"
          >
            12
          </td>
          <td
            class="sc-73d4add1-3 gOsREM"
          >
            10/01/2024
          </td>
          <td
            class="sc-73d4add1-3 gOsREM"
          >
            Ação 2
          </td>
        </tr>
        <tr
          class="sc-73d4add1-1 gsFmqs"
        >
          <td
            class="sc-73d4add1-3 gOsREM"
          >
            03
          </td>
          <td
            class="sc-73d4add1-3 gOsREM"
          >
            link_da_foto_3
          </td>
          <td
            class="sc-73d4add1-3 gOsREM"
          >
            José Henrique
          </td>
          <td
            class="sc-73d4add1-3 gOsREM"
          >
            jose.henrique@gmail.com
          </td>
          <td
            class="sc-73d4add1-3 gOsREM"
          >
            03
          </td>
          <td
            class="sc-73d4add1-3 gOsREM"
          >
            02/02/2024
          </td>
          <td
            class="sc-73d4add1-3 gOsREM"
          >
            Ação 3
          </td>
        </tr>
        <tr
          class="sc-73d4add1-1 gsFmqs"
        >
          <td
            class="sc-73d4add1-3 gOsREM"
          >
            04
          </td>
          <td
            class="sc-73d4add1-3 gOsREM"
          >
            link_da_foto_4
          </td>
          <td
            class="sc-73d4add1-3 gOsREM"
          >
            Luana Buarque
          </td>
          <td
            class="sc-73d4add1-3 gOsREM"
          >
            luana.buarque@gmail.com
          </td>
          <td
            class="sc-73d4add1-3 gOsREM"
          >
            02
          </td>
          <td
            class="sc-73d4add1-3 gOsREM"
          >
            05/03/2024
          </td>
          <td
            class="sc-73d4add1-3 gOsREM"
          >
            Ação 4
          </td>
        </tr>
        <tr
          class="sc-73d4add1-1 gsFmqs"
        >
          <td
            class="sc-73d4add1-3 gOsREM"
          >
            05
          </td>
          <td
            class="sc-73d4add1-3 gOsREM"
          >
            link_da_foto_5
          </td>
          <td
            class="sc-73d4add1-3 gOsREM"
          >
            Augusto Buarque
          </td>
          <td
            class="sc-73d4add1-3 gOsREM"
          >
            augusto.buarque@gmail.com
          </td>
          <td
            class="sc-73d4add1-3 gOsREM"
          >
            04
          </td>
          <td
            class="sc-73d4add1-3 gOsREM"
          >
            02/02/2024
          </td>
          <td
            class="sc-73d4add1-3 gOsREM"
          >
            Ação 5
          </td>
        </tr>
        <tr
          class="sc-73d4add1-1 gsFmqs"
        >
          <td
            class="sc-73d4add1-3 gOsREM"
          >
            06
          </td>
          <td
            class="sc-73d4add1-3 gOsREM"
          >
            link_da_foto_6
          </td>
          <td
            class="sc-73d4add1-3 gOsREM"
          >
            Nelson Oliveira
          </td>
          <td
            class="sc-73d4add1-3 gOsREM"
          >
            nelson.oliveira@gmail.com
          </td>
          <td
            class="sc-73d4add1-3 gOsREM"
          >
            07
          </td>
          <td
            class="sc-73d4add1-3 gOsREM"
          >
            10/01/2024
          </td>
          <td
            class="sc-73d4add1-3 gOsREM"
          >
            Ação 6
          </td>
        </tr>
        <tr
          class="sc-73d4add1-1 gsFmqs"
        >
          <td
            class="sc-73d4add1-3 gOsREM"
          >
            07
          </td>
          <td
            class="sc-73d4add1-3 gOsREM"
          >
            link_da_foto_7
          </td>
          <td
            class="sc-73d4add1-3 gOsREM"
          >
            Mariana Silva
          </td>
          <td
            class="sc-73d4add1-3 gOsREM"
          >
            mariana.silva@gmail.com
          </td>
          <td
            class="sc-73d4add1-3 gOsREM"
          >
            01
          </td>
          <td
            class="sc-73d4add1-3 gOsREM"
          >
            11/01/2024
          </td>
          <td
            class="sc-73d4add1-3 gOsREM"
          >
            Ação 7
          </td>
        </tr>
      </tbody>
    </table>
  </div>
</div>
`;
