// Jest Snapshot v1, https://goo.gl/fbAQLP

exports[`FarmProfile should render FarmProfile 1`] = `
<div
  style="isolation: isolate;"
>
  <h1>
    FarmProfile - Generated page
  </h1>
</div>
`;
