// Jest Snapshot v1, https://goo.gl/fbAQLP

exports[`ChangePassword should render ChangePassword 1`] = `
<div
  style="isolation: isolate;"
>
  <div
    class="sc-133a616e-0 ldPcXc"
  >
    <div
      class="xjgm6d4"
      style="--xjgm6d0: 64px;"
    >
      <div>
        <div
          class="sc-7117240f-0 cCCHfK"
        >
          <div
            class="xjgm6d4"
            style="--xjgm6d0: 12px;"
          >
            <div>
              <div
                data-component-name="Title3"
              >
                <h3
                  class="splu5g7 splu5g5"
                  data-component-name="Text"
                  style="--splu5g0: 1.250rem; --splu5g2: 1.500rem; --splu5g1: 1.750rem; --splu5g3: 2.000rem; hyphens: auto; font-weight: 300; text-transform: inherit; text-decoration: inherit; overflow-wrap: anywhere; white-space: pre-line;"
                >
                  <b>
                    Alterar senha
                  </b>
                </h3>
              </div>
            </div>
            <div>
              <span
                class="splu5g7 splu5g5"
                data-component-name="Text3"
                style="--splu5g0: 1.000rem; --splu5g2: 1.500rem; --splu5g1: 1.125rem; --splu5g3: 1.500rem; hyphens: auto; font-weight: 400; text-transform: inherit; text-decoration: inherit; overflow-wrap: anywhere; white-space: pre-line;"
              >
                A senha deve ter 8 caracteres, contendo letras mai√∫sculas, min√∫sculas e pelo menos 1 caractere especial
              </span>
            </div>
          </div>
        </div>
      </div>
      <div>
        <div
          class="_1xgjmkvc"
          style="--_1xgjmkv2: 0px; --_1xgjmkv1: 0px; --_1xgjmkv0: 0px; --_1xgjmkv5: 0px; --_1xgjmkv4: 0px; --_1xgjmkv3: 0px; --_1xgjmkv8: 0px; --_1xgjmkv7: 0px; --_1xgjmkv6: 0px; --_1xgjmkvb: 0px; --_1xgjmkva: 0px; --_1xgjmkv9: 0px;"
        >
          <div
            class="xjgm6d4"
            style="--xjgm6d0: 16px;"
          >
            <div>
              <div
                class="xjgm6d4"
                style="--xjgm6d0: 12px;"
              >
                <div>
                  <div
                    data-component-name="Title2"
                  >
                    <h3
                      class="splu5g7 splu5g5"
                      data-component-name="Text"
                      style="--splu5g0: 1.000rem; --splu5g2: 1.500rem; --splu5g1: 1.125rem; --splu5g3: 1.500rem; hyphens: auto; font-weight: 300; text-transform: inherit; text-decoration: inherit; overflow-wrap: anywhere; white-space: pre-line;"
                    >
                      <b>
                        Verifique a senha atual
                      </b>
                    </h3>
                  </div>
                </div>
                <div>
                  <div
                    class="sc-7117240f-0 ikqPGS"
                  >
                    <div
                      class="sc-365eeaa8-0 jmluUC"
                    >
                      <span
                        class="splu5g7 splu5g5"
                        data-component-name="Text2"
                        style="--splu5g0: 0.875rem; --splu5g2: 1.250rem; --splu5g1: 1.000rem; --splu5g3: 1.500rem; hyphens: auto; font-weight: 500; text-transform: inherit; text-decoration: inherit; overflow-wrap: anywhere; white-space: pre-line;"
                      >
                        Senha atual
                      </span>
                      <div
                        style="position: relative;"
                      >
                        <input
                          class="sc-dc61514b-0 cyvrxX"
                          name="currentPassword"
                          placeholder="senha123"
                          type="password"
                          value="senha123"
                        />
                        <button
                          aria-label="Mostrar senha"
                          class="sc-dc61514b-1 cVUYal"
                          type="button"
                        >
                          üëÅÔ∏è
                        </button>
                      </div>
                    </div>
                    <div
                      class="sc-365eeaa8-0 jmluUC"
                    >
                      <span
                        class="splu5g7 splu5g5"
                        data-component-name="Text2"
                        style="--splu5g0: 0.875rem; --splu5g2: 1.250rem; --splu5g1: 1.000rem; --splu5g3: 1.500rem; hyphens: auto; font-weight: 500; text-transform: inherit; text-decoration: inherit; overflow-wrap: anywhere; white-space: pre-line;"
                      >
                        Confirme a senha atual
                      </span>
                      <div
                        style="position: relative;"
                      >
                        <input
                          class="sc-dc61514b-0 cTRskw"
                          name="confirmCurrentPassword"
                          placeholder="Digite a senha atual"
                          value=""
                        />
                      </div>
                    </div>
                  </div>
                </div>
              </div>
            </div>
            <div>
              <div
                class="o0dvt10"
              />
            </div>
            <div>
              <div
                class="xjgm6d4"
                style="--xjgm6d0: 12px;"
              >
                <div>
                  <div
                    data-component-name="Title2"
                  >
                    <h3
                      class="splu5g7 splu5g5"
                      data-component-name="Text"
                      style="--splu5g0: 1.000rem; --splu5g2: 1.500rem; --splu5g1: 1.125rem; --splu5g3: 1.500rem; hyphens: auto; font-weight: 300; text-transform: inherit; text-decoration: inherit; overflow-wrap: anywhere; white-space: pre-line;"
                    >
                      <b>
                        Alterar senha
                      </b>
                    </h3>
                  </div>
                </div>
                <div>
                  <div
                    class="sc-7117240f-0 ikqPGS"
                  >
                    <div
                      class="sc-365eeaa8-0 jmluUC"
                    >
                      <span
                        class="splu5g7 splu5g5"
                        data-component-name="Text2"
                        style="--splu5g0: 0.875rem; --splu5g2: 1.250rem; --splu5g1: 1.000rem; --splu5g3: 1.500rem; hyphens: auto; font-weight: 500; text-transform: inherit; text-decoration: inherit; overflow-wrap: anywhere; white-space: pre-line;"
                      >
                        Nova senha
                      </span>
                      <div
                        style="position: relative;"
                      >
                        <input
                          class="sc-dc61514b-0 uLA-DI"
                          name="newPassword"
                          placeholder="Digite a nova senha"
                          value=""
                        />
                      </div>
                    </div>
                    <div
                      class="sc-365eeaa8-0 jmluUC"
                    >
                      <span
                        class="splu5g7 splu5g5"
                        data-component-name="Text2"
                        style="--splu5g0: 0.875rem; --splu5g2: 1.250rem; --splu5g1: 1.000rem; --splu5g3: 1.500rem; hyphens: auto; font-weight: 500; text-transform: inherit; text-decoration: inherit; overflow-wrap: anywhere; white-space: pre-line;"
                      >
                        Confirme a nova senha
                      </span>
                      <div
                        style="position: relative;"
                      >
                        <input
                          class="sc-dc61514b-0 uLA-DI"
                          name="confirmNewPassword"
                          placeholder="Confirme a nova senha"
                          value=""
                        />
                      </div>
                    </div>
                  </div>
                </div>
              </div>
            </div>
            <div />
          </div>
        </div>
      </div>
    </div>
  </div>
</div>
`;
