// Jest Snapshot v1, https://goo.gl/fbAQLP

exports[`UserRegister should render UserRegister with text UserRegister 1`] = `
<div
  style="isolation: isolate;"
>
  <div
    class="sc-ghWlax jGjhNJ"
  >
    <div
      class="_1xgjmkvc"
      style="--_1xgjmkv2: 0px; --_1xgjmkv1: 0px; --_1xgjmkv0: 0px; --_1xgjmkv5: 48px; --_1xgjmkv4: 48px; --_1xgjmkv3: 48px; --_1xgjmkv8: 0px; --_1xgjmkv7: 0px; --_1xgjmkv6: 0px; --_1xgjmkvb: 0px; --_1xgjmkva: 0px; --_1xgjmkv9: 0px;"
    >
      <img
        alt="boe-logo"
        src="[object Object]"
        width="60"
      />
    </div>
    <div
      class="sc-blHHSb jJZtrt"
    >
      <div
        class="_1xgjmkvc"
        style="--_1xgjmkv2: 0px; --_1xgjmkv1: 0px; --_1xgjmkv0: 0px; --_1xgjmkv5: 0px; --_1xgjmkv4: 0px; --_1xgjmkv3: 0px; --_1xgjmkv8: 0px; --_1xgjmkv7: 0px; --_1xgjmkv6: 0px; --_1xgjmkvb: 0px; --_1xgjmkva: 0px; --_1xgjmkv9: 0px; width: 100%; box-sizing: border-box;"
      >
        <div
          class="xjgm6d4"
          style="--xjgm6d0: 32px;"
        >
          <div>
            <div
              class="xjgm6d4"
              style="--xjgm6d0: 8px;"
            >
              <div>
                <span
                  class="splu5g7 splu5g5"
                  data-component-name="Text5"
                  style="--splu5g0: 1.250rem; --splu5g2: 1.500rem; --splu5g1: 1.750rem; --splu5g3: 2.000rem; hyphens: auto; font-weight: 300; text-transform: inherit; text-decoration: inherit; overflow-wrap: anywhere; white-space: pre-line;"
                >
                  <div
                    class="title"
                  >
                    Crie a sua conta
                  </div>
                </span>
              </div>
              <div>
                <span
                  class="splu5g7 splu5g5"
                  data-component-name="Text1"
                  style="--splu5g0: 0.750rem; --splu5g2: 1.000rem; --splu5g1: 0.875rem; --splu5g3: 1.250rem; hyphens: auto; font-weight: 400; text-transform: inherit; text-decoration: inherit; overflow-wrap: anywhere; white-space: pre-line;"
                >
                  <div
                    class="kkfbnv5 kkfbnv8 kkfbnv4"
                    data-component-name="Inline"
                    style="--kkfbnv0: 8px; align-items: center;"
                  >
                    <div>
                      <span
                        class="splu5g7 splu5g5"
                        data-component-name="Text1"
                        style="--splu5g0: 0.750rem; --splu5g2: 1.000rem; --splu5g1: 0.875rem; --splu5g3: 1.250rem; hyphens: auto; font-weight: 400; text-transform: inherit; text-decoration: inherit; overflow-wrap: anywhere; white-space: pre-line;"
                      >
                        JÃ¡ possui uma conta?
                      </span>
                    </div>
                    <div>
                      <a
                        class="link"
                        href=""
                      >
                        Log in
                      </a>
                    </div>
                  </div>
                </span>
              </div>
            </div>
          </div>
          <div>
            <button
              class="sc-gtLWhw cJakst"
              height="3rem"
            >
              <div
                class="button-content"
              >
                <img
                  alt="google-logo"
                  src="[object Object]"
                  width="20px"
                />
                Criar com Google
              </div>
            </button>
          </div>
          <div>
            <div
              class="inline"
            >
              <div
                class="divider"
              />
              <span
                class="text"
              >
                Ou crie com o e-mail
              </span>
              <div
                class="divider"
              />
            </div>
          </div>
        </div>
      </div>
      <div
        class="sc-dntaoT lhYLiR"
      >
        <div
          class="sc-egkSDF jFpkDV"
        >
          <span
            class="splu5g7 splu5g5"
            data-component-name="Text2"
            style="--splu5g0: 0.875rem; --splu5g2: 1.250rem; --splu5g1: 1.000rem; --splu5g3: 1.500rem; hyphens: auto; font-weight: 500; text-transform: inherit; text-decoration: inherit; overflow-wrap: anywhere; white-space: pre-line;"
          >
            Nome
          </span>
          <input
            class="sc-fAUdSK lbNUdd"
            name="name"
            placeholder="Insira seu nome"
            type=""
            value=""
          />
        </div>
        <div
          class="_1xgjmkvc"
          style="--_1xgjmkv2: 0px; --_1xgjmkv1: 0px; --_1xgjmkv0: 0px; --_1xgjmkv5: 0px; --_1xgjmkv4: 0px; --_1xgjmkv3: 0px; --_1xgjmkv8: 0px; --_1xgjmkv7: 0px; --_1xgjmkv6: 0px; --_1xgjmkvb: 0px; --_1xgjmkva: 0px; --_1xgjmkv9: 0px; width: 100%; box-sizing: border-box;"
        >
          <div
            class="sc-kLhKbu kQYtwp"
          >
            <div
              class="sc-egkSDF jFpkDV"
            >
              <span
                class="splu5g7 splu5g5"
                data-component-name="Text2"
                style="--splu5g0: 0.875rem; --splu5g2: 1.250rem; --splu5g1: 1.000rem; --splu5g3: 1.500rem; hyphens: auto; font-weight: 500; text-transform: inherit; text-decoration: inherit; overflow-wrap: anywhere; white-space: pre-line;"
              >
                E-mail
              </span>
              <input
                class="sc-fAUdSK lbNUdd"
                name="email"
                placeholder="seu.email@email.com"
                type=""
                value=""
              />
            </div>
            <div
              class="sc-egkSDF jFpkDV"
            >
              <span
                class="splu5g7 splu5g5"
                data-component-name="Text2"
                style="--splu5g0: 0.875rem; --splu5g2: 1.250rem; --splu5g1: 1.000rem; --splu5g3: 1.500rem; hyphens: auto; font-weight: 500; text-transform: inherit; text-decoration: inherit; overflow-wrap: anywhere; white-space: pre-line;"
              >
                Telefone
              </span>
              <input
                class="sc-fAUdSK lbNUdd"
                name="phone"
                placeholder="(00) 00000-0000"
                type=""
                value=""
              />
            </div>
          </div>
        </div>
        <div
          class="sc-egkSDF jFpkDV"
        >
          <span
            class="splu5g7 splu5g5"
            data-component-name="Text2"
            style="--splu5g0: 0.875rem; --splu5g2: 1.250rem; --splu5g1: 1.000rem; --splu5g3: 1.500rem; hyphens: auto; font-weight: 500; text-transform: inherit; text-decoration: inherit; overflow-wrap: anywhere; white-space: pre-line;"
          >
            Senha
          </span>
          <input
            class="sc-fAUdSK lbNUdd"
            name="password"
            placeholder="Crie a sua senha"
            type=""
            value=""
          />
        </div>
        <div
          class="_1xgjmkvc"
          style="--_1xgjmkv2: 0px; --_1xgjmkv1: 0px; --_1xgjmkv0: 0px; --_1xgjmkv5: 0px; --_1xgjmkv4: 0px; --_1xgjmkv3: 0px; --_1xgjmkv8: 0px; --_1xgjmkv7: 0px; --_1xgjmkv6: 0px; --_1xgjmkvb: 0px; --_1xgjmkva: 0px; --_1xgjmkv9: 0px; width: 100%; box-sizing: border-box;"
        >
          <div
            class="kfxylh1 _1y2v1nfhk _1y2v1nfhz kfxylha _1y2v1nfht kfxylh2"
            data-component-name="ButtonLayout"
          >
            <button
              class="sc-ivxoEo duwQdc"
            >
              Continuar
            </button>
            <button
              class="sc-gtLWhw dVfvzg"
            >
              Cancelar
            </button>
          </div>
        </div>
      </div>
    </div>
  </div>
</div>
`;
