// Jest Snapshot v1, https://goo.gl/fbAQLP

exports[`Home should render Home 1`] = `
<div
  style="isolation: isolate;"
>
  <div
    class="_1xgjmkvc"
    style="--_1xgjmkv2: 0px; --_1xgjmkv1: 0px; --_1xgjmkv0: 0px; --_1xgjmkv5: 0px; --_1xgjmkv4: 0px; --_1xgjmkv3: 0px; --_1xgjmkv8: 0px; --_1xgjmkv7: 0px; --_1xgjmkv6: 0px; --_1xgjmkvb: 0px; --_1xgjmkva: 0px; --_1xgjmkv9: 0px; width: 100%; box-sizing: border-box;"
  >
    <div
      class="xjgm6d4"
      style="--xjgm6d0: 4px;"
    >
      <div>
        <span
          class="splu5g7 splu5g5"
          data-component-name="Text4"
          style="--splu5g0: 1.125rem; --splu5g2: 1.500rem; --splu5g1: 1.250rem; --splu5g3: 1.750rem; hyphens: auto; font-weight: 400; text-transform: inherit; text-decoration: inherit; overflow-wrap: anywhere; white-space: pre-line;"
        >
          Boa tarde, Rebeca
        </span>
      </div>
      <div>
        <span
          class="splu5g7 splu5g5"
          data-component-name="Text7"
          style="--splu5g0: 1.750rem; --splu5g2: 2.000rem; --splu5g1: 2.500rem; --splu5g3: 3.000rem; hyphens: auto; font-weight: 300; text-transform: inherit; text-decoration: inherit; overflow-wrap: anywhere; white-space: pre-line;"
        >
          <b>
            Overview
          </b>
        </span>
      </div>
    </div>
  </div>
</div>
`;
