// Jest Snapshot v1, https://goo.gl/fbAQLP

exports[`UserRegister should render UserRegister 1`] = `
<div
  style="isolation: isolate;"
>
  <div
    class="sc-3475e50e-0 GShXl"
  >
    <div
      class="_1xgjmkvc"
      style="--_1xgjmkv2: 0px; --_1xgjmkv1: 0px; --_1xgjmkv0: 0px; --_1xgjmkv5: 24px; --_1xgjmkv4: 24px; --_1xgjmkv3: 24px; --_1xgjmkv8: 0px; --_1xgjmkv7: 0px; --_1xgjmkv6: 0px; --_1xgjmkvb: 0px; --_1xgjmkva: 0px; --_1xgjmkv9: 0px;"
    >
      <img
        alt="boe-logo"
        data-nimg="1"
        decoding="async"
        height="60"
        loading="lazy"
        src="/assets/boe-logo02.svg"
        style="color: transparent;"
        width="60"
      />
    </div>
    <div
      class="sc-c11c7bb3-0 geqYUz"
    >
      <div
        class="_1xgjmkvc"
        style="--_1xgjmkv2: 0px; --_1xgjmkv1: 0px; --_1xgjmkv0: 0px; --_1xgjmkv5: 0px; --_1xgjmkv4: 0px; --_1xgjmkv3: 0px; --_1xgjmkv8: 0px; --_1xgjmkv7: 0px; --_1xgjmkv6: 0px; --_1xgjmkvb: 0px; --_1xgjmkva: 0px; --_1xgjmkv9: 0px; width: 100%; box-sizing: border-box;"
      >
        <div
          class="xjgm6d4"
          style="--xjgm6d0: 32px;"
        >
          <div>
            <div
              class="xjgm6d4"
              style="--xjgm6d0: 8px;"
            >
              <div>
                <span
                  class="splu5g7 splu5g5"
                  data-component-name="Text5"
                  style="--splu5g0: 1.250rem; --splu5g2: 1.500rem; --splu5g1: 1.750rem; --splu5g3: 2.000rem; hyphens: auto; font-weight: 300; text-transform: inherit; text-decoration: inherit; overflow-wrap: anywhere; white-space: pre-line;"
                >
                  <div
                    class="title"
                  >
                    Crie a sua conta
                  </div>
                </span>
              </div>
              <div>
                <span
                  class="splu5g7 splu5g5"
                  data-component-name="Text1"
                  style="--splu5g0: 0.750rem; --splu5g2: 1.000rem; --splu5g1: 0.875rem; --splu5g3: 1.250rem; hyphens: auto; font-weight: 400; text-transform: inherit; text-decoration: inherit; overflow-wrap: anywhere; white-space: pre-line;"
                >
                  <div
                    class="kkfbnv5 kkfbnv8 kkfbnv4"
                    data-component-name="Inline"
                    style="--kkfbnv0: 8px; align-items: center;"
                  >
                    <div>
                      <span
                        class="splu5g7 splu5g5"
                        data-component-name="Text1"
                        style="--splu5g0: 0.750rem; --splu5g2: 1.000rem; --splu5g1: 0.875rem; --splu5g3: 1.250rem; hyphens: auto; font-weight: 400; text-transform: inherit; text-decoration: inherit; overflow-wrap: anywhere; white-space: pre-line;"
                      >
                        JÃ¡ possui uma conta?
                      </span>
                    </div>
                    <div>
                      <a
                        class="link"
                        href=""
                      >
                        Log in
                      </a>
                    </div>
                  </div>
                </span>
              </div>
            </div>
          </div>
          <div>
            <button
              class="sc-5796d2d3-0 hrHxZV"
              height="3rem"
            >
              <div
                class="sc-7117240f-0 jGflut"
              >
                <img
                  alt="google-logo"
                  data-nimg="1"
                  decoding="async"
                  height="20"
                  loading="lazy"
                  src="/assets/google-logo.svg"
                  style="color: transparent;"
                  width="20"
                />
                Criar com Google
              </div>
            </button>
          </div>
          <div>
            <div
              class="inline"
            >
              <div
                class="divider"
              />
              <span
                class="text"
              >
                Ou crie com o e-mail
              </span>
              <div
                class="divider"
              />
            </div>
          </div>
        </div>
      </div>
      <div
        class="sc-a33e0322-0 iSznKf"
      >
        <div
          class="sc-2f619ebf-0 jtjPJR"
        >
          <span
            class="splu5g7 splu5g5"
            data-component-name="Text2"
            style="--splu5g0: 0.875rem; --splu5g2: 1.250rem; --splu5g1: 1.000rem; --splu5g3: 1.500rem; hyphens: auto; font-weight: 500; text-transform: inherit; text-decoration: inherit; overflow-wrap: anywhere; white-space: pre-line;"
          >
            Nome
          </span>
          <div
            style="position: relative;"
          >
            <input
              class="sc-1b17f3f9-0 gbZSMB"
              name="name"
              placeholder="Insira seu nome"
              type=""
              value=""
            />
          </div>
        </div>
        <div
          class="_1xgjmkvc"
          style="--_1xgjmkv2: 0px; --_1xgjmkv1: 0px; --_1xgjmkv0: 0px; --_1xgjmkv5: 0px; --_1xgjmkv4: 0px; --_1xgjmkv3: 0px; --_1xgjmkv8: 0px; --_1xgjmkv7: 0px; --_1xgjmkv6: 0px; --_1xgjmkvb: 0px; --_1xgjmkva: 0px; --_1xgjmkv9: 0px; width: 100%; box-sizing: border-box;"
        >
          <div
            class="sc-7117240f-0 cCCHfK"
          >
            <div
              class="sc-2f619ebf-0 jtjPJR"
            >
              <span
                class="splu5g7 splu5g5"
                data-component-name="Text2"
                style="--splu5g0: 0.875rem; --splu5g2: 1.250rem; --splu5g1: 1.000rem; --splu5g3: 1.500rem; hyphens: auto; font-weight: 500; text-transform: inherit; text-decoration: inherit; overflow-wrap: anywhere; white-space: pre-line;"
              >
                E-mail
              </span>
              <div
                style="position: relative;"
              >
                <input
                  class="sc-1b17f3f9-0 gbZSMB"
                  name="email"
                  placeholder="seu.email@email.com"
                  type=""
                  value=""
                />
              </div>
            </div>
            <div
              class="sc-2f619ebf-0 jtjPJR"
            >
              <span
                class="splu5g7 splu5g5"
                data-component-name="Text2"
                style="--splu5g0: 0.875rem; --splu5g2: 1.250rem; --splu5g1: 1.000rem; --splu5g3: 1.500rem; hyphens: auto; font-weight: 500; text-transform: inherit; text-decoration: inherit; overflow-wrap: anywhere; white-space: pre-line;"
              >
                Telefone
              </span>
              <div
                style="position: relative;"
              >
                <input
                  class="sc-1b17f3f9-0 gbZSMB"
                  name="phone"
                  placeholder="(00) 00000-0000"
                  type=""
                  value=""
                />
              </div>
            </div>
          </div>
        </div>
        <div
          class="sc-2f619ebf-0 jtjPJR"
        >
          <span
            class="splu5g7 splu5g5"
            data-component-name="Text2"
            style="--splu5g0: 0.875rem; --splu5g2: 1.250rem; --splu5g1: 1.000rem; --splu5g3: 1.500rem; hyphens: auto; font-weight: 500; text-transform: inherit; text-decoration: inherit; overflow-wrap: anywhere; white-space: pre-line;"
          >
            Senha
          </span>
          <div
            style="position: relative;"
          >
            <input
              class="sc-1b17f3f9-0 gbZSMB"
              name="password"
              placeholder="Crie a sua senha"
              type=""
              value=""
            />
          </div>
        </div>
        <div
          class="_1xgjmkvc"
          style="--_1xgjmkv2: 0px; --_1xgjmkv1: 0px; --_1xgjmkv0: 0px; --_1xgjmkv5: 0px; --_1xgjmkv4: 0px; --_1xgjmkv3: 0px; --_1xgjmkv8: 0px; --_1xgjmkv7: 0px; --_1xgjmkv6: 0px; --_1xgjmkvb: 0px; --_1xgjmkva: 0px; --_1xgjmkv9: 0px; width: 100%; box-sizing: border-box;"
        >
          <div
            class="kfxylh1 _1y2v1nfhk _1y2v1nfhz kfxylha _1y2v1nfht kfxylh2"
            data-component-name="ButtonLayout"
          >
            <button
              class="sc-daa8886c-0 ehJPuv"
            >
              Continuar
            </button>
            <button
              class="sc-5796d2d3-0 bySUev"
            >
              Cancelar
            </button>
          </div>
        </div>
      </div>
    </div>
  </div>
</div>
`;
