// Jest Snapshot v1, https://goo.gl/fbAQLP

exports[`DiagnosisList should render DiagnosisList with text DiagnosisList 1`] = `
<div
  style="isolation: isolate;"
>
  <h1>
    DiagnosisList - Generated page
  </h1>
</div>
`;
